Running differential evolution baseline...

Differential Evolution
  T1=184.8333, T6=204.8049, T7=244.1925, T8=264.9924, v=95.0398
  area=799.4585
  OK 升温斜率 ≤ 3°C/s: 2.8943 ≤ 3
  OK 降温斜率 ≥ -3°C/s: -1.8179 ≥ -3
  OK 150~190°C 60~120s: 91.50s in [60,120]
  OK >217°C 40~90s: 57.00s in [40,90]
  OK 峰值 240~250°C: 240.01°C in [240,250]

Running simulated annealing seeds...

Simulated Annealing seed=1
  T1=176.5627, T6=186.9302, T7=244.8726, T8=264.9973, v=88.9312
  area=813.7071
  OK 升温斜率 ≤ 3°C/s: 2.7370 ≤ 3
  OK 降温斜率 ≥ -3°C/s: -1.8054 ≥ -3
  OK 150~190°C 60~120s: 96.50s in [60,120]
  OK >217°C 40~90s: 57.50s in [40,90]
  OK 峰值 240~250°C: 240.01°C in [240,250]

Simulated Annealing seed=7
  T1=182.8566, T6=199.5834, T7=228.3246, T8=265.0000, v=88.1473
  area=815.6825
  OK 升温斜率 ≤ 3°C/s: 2.8472 ≤ 3
  OK 降温斜率 ≥ -3°C/s: -1.8035 ≥ -3
  OK 150~190°C 60~120s: 103.50s in [60,120]
  OK >217°C 40~90s: 58.00s in [40,90]
  OK 峰值 240~250°C: 240.01°C in [240,250]

Simulated Annealing seed=21
  T1=176.3908, T6=204.2660, T7=242.4679, T8=265.0000, v=91.4792
  area=809.9746
  OK 升温斜率 ≤ 3°C/s: 2.7377 ≤ 3
  OK 降温斜率 ≥ -3°C/s: -1.8111 ≥ -3
  OK 150~190°C 60~120s: 88.50s in [60,120]
  OK >217°C 40~90s: 57.50s in [40,90]
  OK 峰值 240~250°C: 240.04°C in [240,250]

Simulated Annealing seed=42
  T1=181.6800, T6=194.0998, T7=244.6504, T8=265.0000, v=91.9062
  area=805.7892
  OK 升温斜率 ≤ 3°C/s: 2.8338 ≤ 3
  OK 降温斜率 ≥ -3°C/s: -1.8115 ≥ -3
  OK 150~190°C 60~120s: 96.00s in [60,120]
  OK >217°C 40~90s: 57.00s in [40,90]
  OK 峰值 240~250°C: 240.00°C in [240,250]

Simulated Annealing seed=99
  T1=173.4069, T6=204.0925, T7=242.1807, T8=265.0000, v=90.4959
  area=810.1633
  OK 升温斜率 ≤ 3°C/s: 2.6800 ≤ 3
  OK 降温斜率 ≥ -3°C/s: -1.8087 ≥ -3
  OK 150~190°C 60~120s: 86.00s in [60,120]
  OK >217°C 40~90s: 57.50s in [40,90]
  OK 峰值 240~250°C: 240.01°C in [240,250]

Saved comparison to problem3_compare_result/
